[Status]: Memory manager initialised: log/shop-sql-offline.leaks
[Status]: Loading 'db/const.yml'...[Status]: Loading '6' entries in 'db/const.yml'
[Status]: Done reading '6' entries in 'db/const.yml'
[Status]: Loading 'db/import/const.yml'...[Status]: Loading '3' entries in 'db/import/const.yml'
[Status]: Done reading '3' entries in 'db/import/const.yml'
[Status]: Loading 'db/import/zero_cell_const.yml'...[Status]: Loading '2' entries in 'db/import/zero_cell_const.yml'
[Status]: Done reading '2' entries in 'db/import/zero_cell_const.yml'
SQL path=market mode=0 rows=1 result=0 zeny=900 material=20 outputs=1,0 memory=4,-1 database=4,5 PASS
SQL path=market mode=0 rows=2 result=0 zeny=800 material=20 outputs=1,1 memory=4,4 database=4,4 PASS
SQL path=market mode=1 rows=1 result=0 zeny=900 material=20 outputs=1,0 memory=4,-1 database=5,5 FAIL
SQL path=market mode=1 rows=2 result=0 zeny=800 material=20 outputs=1,1 memory=4,4 database=4,5 FAIL
SQL path=market mode=2 rows=1 result=0 zeny=900 material=20 outputs=1,0 memory=4,-1 database=5,5 FAIL
SQL path=market mode=2 rows=2 result=0 zeny=800 material=20 outputs=1,1 memory=4,4 database=4,5 FAIL
SQL path=market mode=3 rows=1 result=0 zeny=900 material=20 outputs=1,0 memory=4,-1 database=4,5 PASS
SQL path=market mode=3 rows=2 result=0 zeny=800 material=20 outputs=1,1 memory=4,4 database=4,4 PASS
SQL path=barter mode=0 rows=1 result=0 zeny=900 material=19 outputs=1,0 memory=4,-1 database=4,5 PASS
SQL path=barter mode=0 rows=2 result=0 zeny=800 material=18 outputs=1,1 memory=4,4 database=4,4 PASS
SQL path=barter mode=1 rows=1 result=11 zeny=900 material=19 outputs=0,0 memory=4,-1 database=5,5 FAIL
SQL path=barter mode=1 rows=2 result=11 zeny=800 material=18 outputs=1,0 memory=4,4 database=4,5 FAIL
SQL path=barter mode=2 rows=1 result=11 zeny=900 material=19 outputs=0,0 memory=4,-1 database=5,5 FAIL
SQL path=barter mode=2 rows=2 result=11 zeny=800 material=18 outputs=1,0 memory=4,4 database=4,5 FAIL
SQL path=barter mode=3 rows=1 result=11 zeny=900 material=19 outputs=0,0 memory=4,-1 database=4,5 FAIL
SQL path=barter mode=3 rows=2 result=11 zeny=800 material=18 outputs=1,0 memory=4,4 database=4,4 FAIL
[Info]: Memory manager: No memory leaks found.
SQL_SUMMARY cases=16 correctness_failures=10
Traceback (most recent call last):
  File "/rathena/tools/ci/shop_sql_failure_audit.py", line 34, in <module>
    with tempfile.TemporaryDirectory(prefix='pn-sql-failure-') as d:run(Path(d))
                                                                    ^^^^^^^^^^^^
  File "/rathena/tools/ci/shop_sql_failure_audit.py", line 32, in run
    subprocess.run([str(binary),str(out)],cwd=ROOT,check=True,timeout=60)
  File "/usr/lib/python3.12/subprocess.py", line 571, in run
    raise CalledProcessError(retcode, process.args,
subprocess.CalledProcessError: Command '['/tmp/pn-sql-failure-h6ildtyf/sql-test', '/tmp/pn-sql-failure-h6ildtyf']' returned non-zero exit status 1.
