[Status]: Memory manager initialised: log/shop-audit.leaks
[Status]: Loading 'db/const.yml'...[Status]: Loading '6' entries in 'db/const.yml'
[Status]: Done reading '6' entries in 'db/const.yml'
[Status]: Loading 'db/import/const.yml'...[Status]: Loading '3' entries in 'db/import/const.yml'
[Status]: Done reading '3' entries in 'db/import/const.yml'
[Status]: Loading 'db/import/zero_cell_const.yml'...[Status]: Loading '2' entries in 'db/import/zero_cell_const.yml'
[Status]: Done reading '2' entries in 'db/import/zero_cell_const.yml'
BARTER mode=0 result=0 zeny=7000000000 inputs=18 outputs=2 PASS
BARTER mode=1 result=0 zeny=5705032704 inputs=16 outputs=4 PASS
BARTER mode=2 result=3 zeny=10000000000 inputs=20 outputs=0 PASS
BARTER mode=3 result=3 zeny=10000000000 inputs=20 outputs=0 PASS
BARTER mode=4 result=0 zeny=9999999900 inputs=19 outputs=1 PASS
BARTER mode=5 result=1 zeny=0 inputs=20 outputs=0 PASS
BARTER mode=6 result=2 zeny=10000000000 inputs=20 outputs=0 PASS
BARTER mode=7 result=0 zeny=0 inputs=19 outputs=1 PASS
SHOP mode=0 result=3 zeny=10000000000 outputs=29998 PASS
SHOP mode=1 result=3 zeny=10000000000 outputs=0 PASS
SHOP mode=2 result=3 zeny=10000000000 outputs=0 PASS
SHOP mode=3 result=0 zeny=9999999900 outputs=1 PASS
SHOP mode=4 result=0 zeny=9999999900 outputs=1 PASS
CASHSHOP subtype=3 mode=0 result=8 cash=1000000 outputs=29998 PASS
CASHSHOP subtype=3 mode=1 result=6 cash=1000000 outputs=0 PASS
CASHSHOP subtype=4 mode=0 result=8 cash=1000000 outputs=29998 PASS
CASHSHOP subtype=4 mode=1 result=6 cash=1000000 outputs=0 PASS
CASHSHOP subtype=5 mode=0 result=8 cash=1000000 outputs=29998 PASS
CASHSHOP subtype=5 mode=1 result=6 cash=1000000 outputs=0 PASS
CASHBUTTON mode=0 result=0 cash=999600 outputs=30000 FAIL
CASHBUTTON mode=1 result=0 cash=1000002 outputs=0 FAIL
CASHBUTTON mode=2 result=1 cash=999900 outputs=1 PASS
[Info]: Memory manager: No memory leaks found.
pc_setregistry : refusing to set #CASHPOINTS until vars are received.
pc_setregistry : refusing to set #CASHPOINTS until vars are received.
pc_setregistry : refusing to set #CASHPOINTS until vars are received.
