[Status]: Memory manager initialised: log/shop-audit.leaks
[Status]: Loading 'db/const.yml'...[Status]: Loading '6' entries in 'db/const.yml'
[Status]: Done reading '6' entries in 'db/const.yml'
[Status]: Loading 'db/import/const.yml'...[Status]: Loading '3' entries in 'db/import/const.yml'
[Status]: Done reading '3' entries in 'db/import/const.yml'
[Status]: Loading 'db/import/zero_cell_const.yml'...[Status]: Loading '2' entries in 'db/import/zero_cell_const.yml'
[Status]: Done reading '2' entries in 'db/import/zero_cell_const.yml'
BARTER mode=0 result=0 zeny=7000000000 inputs=18 outputs=2 PASS
BARTER mode=1 result=0 zeny=5705032704 inputs=16 outputs=4 PASS
BARTER mode=2 result=3 zeny=10000000000 inputs=20 outputs=0 PASS
BARTER mode=3 result=3 zeny=10000000000 inputs=20 outputs=0 PASS
BARTER mode=4 result=0 zeny=9999999900 inputs=19 outputs=1 PASS
BARTER mode=5 result=1 zeny=0 inputs=20 outputs=0 PASS
BARTER mode=6 result=2 zeny=10000000000 inputs=20 outputs=0 PASS
BARTER mode=7 result=0 zeny=0 inputs=19 outputs=1 PASS
SHOP mode=0 result=3 zeny=10000000000 outputs=29998 PASS
SHOP mode=1 result=3 zeny=10000000000 outputs=0 PASS
SHOP mode=2 result=3 zeny=10000000000 outputs=0 PASS
SHOP mode=3 result=0 zeny=9999999900 outputs=1 PASS
SHOP mode=4 result=0 zeny=9999999900 outputs=1 PASS
CASHSHOP subtype=3 mode=0 result=8 cash=1000000 outputs=29998 PASS
CASHSHOP subtype=3 mode=1 result=6 cash=1000000 outputs=0 PASS
CASHSHOP subtype=4 mode=0 result=8 cash=1000000 outputs=29998 PASS
CASHSHOP subtype=4 mode=1 result=6 cash=1000000 outputs=0 PASS
CASHSHOP subtype=5 mode=0 result=8 cash=1000000 outputs=29998 PASS
CASHSHOP subtype=5 mode=1 result=6 cash=1000000 outputs=0 PASS
CASHBUTTON mode=0 result=0 cash=1000000 outputs=29998 PASS
CASHBUTTON mode=1 result=0 cash=1000000 outputs=0 PASS
CASHBUTTON mode=2 result=1 cash=999900 outputs=1 PASS
CASHBUTTON mode=3 result=0 cash=1000000 outputs=0 PASS
CASHBUTTON mode=4 result=0 cash=1000000 outputs=0 PASS
CASHBUTTON mode=5 result=0 cash=1000000 outputs=0 PASS
CASHBUTTON mode=6 result=0 cash=1000000 outputs=0 PASS
CASHBUTTON mode=7 result=0 cash=1000000 outputs=0 PASS
CASHBUTTON mode=8 result=1 cash=990100 outputs=99 PASS
CASHBUTTON mode=9 result=1 cash=1000900 outputs=1 FAIL
CASHBUTTON mode=10 result=0 cash=1000001 outputs=0 FAIL
[Info]: Memory manager: No memory leaks found.
Traceback (most recent call last):
  File "/rathena/tools/ci/shop_transaction_native_test.py", line 56, in <module>
    with tempfile.TemporaryDirectory(prefix='pn-shop-native-') as d:run(Path(d),args.source.resolve(),args.cash_source.resolve())
                                                                    ^^^^^^^^^^^^^^^^^^^^^^^^^^^^^^^^^^^^^^^^^^^^^^^^^^^^^^^^^^^^^
  File "/rathena/tools/ci/shop_transaction_native_test.py", line 45, in run
    subprocess.run([str(binary),str(out)],cwd=ROOT,check=True,timeout=60)
  File "/usr/lib/python3.12/subprocess.py", line 571, in run
    raise CalledProcessError(retcode, process.args,
subprocess.CalledProcessError: Command '['/tmp/pn-shop-native-5x7m_jwn/shop-test', '/tmp/pn-shop-native-5x7m_jwn']' returned non-zero exit status 1.
