[Status]: Memory manager initialised: log/(null).leaks
[Debug]: at char.cpp:756 - INSERT INTO `inventory`(`char_id`, `nameid`, `amount`, `equip`, `identify`, `refine`, `attribute`, `expire_time`, `bound`, `unique_id`, `enchantgrade`, `favorite`, `equip_switch`, `card0`, `card1`, `card2`, `card3`, `option_id0`, `option_val0`, `option_parm0`, `option_id1`, `option_val1`, `option_parm1`, `option_id2`, `option_val2`, `option_parm2`, `option_id3`, `option_val3`, `option_parm3`, `option_id4`, `option_val4`, `option_parm4`) VALUES ('99001313', '501', '1', '0', '1', '0', '0', '0', '0', '0', '0', '0', '0', '0', '0', '0', '0', '0', '0', '0', '0', '0', '0', '0', '0', '0', '0', '0', '0', '0', '0', '0'),('99001313', '502', '1', '0', '1', '0', '0', '0', '0', '0', '0', '0', '0', '0', '0', '0', '0', '0', '0', '0', '0', '0', '0', '0', '0', '0', '0', '0', '0', '0', '0', '0')
[Info]: Saved Inventory (0) data to table inventory for char_id: 99001313
[Info]: Saved Inventory (0) data to table inventory for char_id: 99001313
[Info]: Saved Inventory (0) data to table inventory for char_id: 99001313
[Info]: Saved Inventory (0) data to table inventory for char_id: 99001313
[Info]: Saved Inventory (0) data to table inventory for char_id: 99001313
[Debug]: at char.cpp:756 - INSERT INTO `inventory`(`char_id`, `nameid`, `amount`, `equip`, `identify`, `refine`, `attribute`, `expire_time`, `bound`, `unique_id`, `enchantgrade`, `favorite`, `equip_switch`, `card0`, `card1`, `card2`, `card3`, `option_id0`, `option_val0`, `option_parm0`, `option_id1`, `option_val1`, `option_parm1`, `option_id2`, `option_val2`, `option_parm2`, `option_id3`, `option_val3`, `option_parm3`, `option_id4`, `option_val4`, `option_parm4`) VALUES ('99001313', '501', '1', '0', '1', '0', '0', '0', '0', '0', '0', '0', '0', '0', '0', '0', '0', '0', '0', '0', '0', '0', '0', '0', '0', '0', '0', '0', '0', '0', '0', '0'),('99001313', '502', '1', '0', '1', '0', '0', '0', '0', '0', '0', '0', '0', '0', '0', '0', '0', '0', '0', '0', '0', '0', '0', '0', '0', '0', '0', '0', '0', '0', '0', '0')
[Info]: Saved Inventory (0) data to table inventory for char_id: 99001313
[Info]: Saved Inventory (0) data to table inventory for char_id: 99001313
[Info]: Saved Inventory (0) data to table inventory for char_id: 99001313
[Info]: Saved Inventory (0) data to table inventory for char_id: 99001313
[Info]: Saved Inventory (0) data to table inventory for char_id: 99001313
[Debug]: at char.cpp:756 - INSERT INTO `inventory`(`char_id`, `nameid`, `amount`, `equip`, `identify`, `refine`, `attribute`, `expire_time`, `bound`, `unique_id`, `enchantgrade`, `favorite`, `equip_switch`, `card0`, `card1`, `card2`, `card3`, `option_id0`, `option_val0`, `option_parm0`, `option_id1`, `option_val1`, `option_parm1`, `option_id2`, `option_val2`, `option_parm2`, `option_id3`, `option_val3`, `option_parm3`, `option_id4`, `option_val4`, `option_parm4`) VALUES ('99001313', '501', '1', '0', '1', '0', '0', '0', '0', '0', '0', '0', '0', '0', '0', '0', '0', '0', '0', '0', '0', '0', '0', '0', '0', '0', '0', '0', '0', '0', '0', '0'),('99001313', '502', '1', '0', '1', '0', '0', '0', '0', '0', '0', '0', '0', '0', '0', '0', '0', '0', '0', '0', '0', '0', '0', '0', '0', '0', '0', '0', '0', '0', '0', '0')
[Info]: Saved Inventory (0) data to table inventory for char_id: 99001313
[Info]: Saved Inventory (0) data to table inventory for char_id: 99001313
[Info]: Saved Inventory (0) data to table inventory for char_id: 99001313
[Info]: Saved Inventory (0) data to table inventory for char_id: 99001313
[Info]: Saved Inventory (0) data to table inventory for char_id: 99001313
[Info]: Saved Inventory (0) data to table inventory for char_id: 99001313
SHOP_SQL_PASS 11785 checks; real InnoDB rollback, receipts, stale stock, metadata, multirow purchase, sale exhaustion
[SQL]: DB error - first stock fault
[SQL]: DB error - inventory fault
[SQL]: DB error - wallet fault
[SQL]: DB error - second stock fault
[SQL]: DB error - receipt fault
[SQL]: DB error - cash fault
[SQL]: DB error - first stock fault
[SQL]: DB error - inventory fault
[SQL]: DB error - wallet fault
[SQL]: DB error - second stock fault
[SQL]: DB error - receipt fault
[SQL]: DB error - cash fault
[SQL]: DB error - first stock fault
[SQL]: DB error - inventory fault
[SQL]: DB error - wallet fault
[SQL]: DB error - second stock fault
[SQL]: DB error - receipt fault
[SQL]: DB error - cash fault
